// Jest Snapshot v1, https://goo.gl/fbAQLP

exports[`<Settings/> should render correctly 1`] = `
<View
  style={
    {
      "alignItems": "center",
      "flex": 1,
      "justifyContent": "center",
    }
  }
>
  <Text
    style={
      {
        "color": "white",
        "fontSize": 20,
      }
    }
  >
    Settings Screen
  </Text>
</View>
`;
